BL51 BANKED LINKER/LOCATER V6.00                                                        02/11/2013  14:09:24  PAGE 1


BL51 BANKED LINKER/LOCATER V6.00, INVOKED BY:
C:\KEIL\C51\BIN\BL51.EXE testing.obj TO testing


INPUT MODULES INCLUDED:
  testing.obj (TESTING)


LINK MAP OF MODULE:  testing (TESTING)


            TYPE    BASE      LENGTH    RELOCATION   SEGMENT NAME
            -----------------------------------------------------

            * * * * * * *   D A T A   M E M O R Y   * * * * * * *
            REG     0000H     0008H     ABSOLUTE     "REG BANK 0"

            * * * * * * *   C O D E   M E M O R Y   * * * * * * *
            CODE    0000H     023AH     ABSOLUTE     



SYMBOL TABLE OF MODULE:  testing (TESTING)

  VALUE           TYPE          NAME
  ----------------------------------

  -------         MODULE        TESTING
  D:00E0H         SYMBOL        ACC
  D:00F0H         SYMBOL        B
  C:00CEH         SYMBOL        CONVERT
  C:0002H         SYMBOL        DISPLAY
  C:007DH         SYMBOL        DIVISION
  C:00A1H         SYMBOL        DIVISION_LOOP
  C:00C2H         SYMBOL        DIVISION_LOOP_DICISION
  C:00BCH         SYMBOL        DIVISION_QUOTIENT_SET_0
  C:00B2H         SYMBOL        DIVISION_QUOTIENT_SET_1
  C:004DH         SYMBOL        MULTI
  D:0080H         SYMBOL        P0
  D:0090H         SYMBOL        P1
  D:00A0H         SYMBOL        P2
  D:00B0H         SYMBOL        P3
  C:01ACH         SYMBOL        START
  C:0228H         SYMBOL        STOP
  C:003BH         SYMBOL        SUBTRACTION
  C:0029H         SYMBOL        SUM
  C:022AH         SYMBOL        TABLE
  C:0194H         SYMBOL        TURN_LEFT_4_6D
  C:0150H         SYMBOL        TURN_LEFT_4_6E
  C:010CH         SYMBOL        TURN_LEFT_4_6F
  C:0000H         LINE#         2
  C:0002H         LINE#         9
  C:0005H         LINE#         10
  C:0007H         LINE#         11
  C:0009H         LINE#         12
  C:000AH         LINE#         13
  C:000CH         LINE#         14
  C:000EH         LINE#         15
BL51 BANKED LINKER/LOCATER V6.00                                                      02/11/2013  14:09:24  PAGE 2


  C:000FH         LINE#         16
  C:0010H         LINE#         17
  C:0011H         LINE#         18
  C:0012H         LINE#         19
  C:0014H         LINE#         20
  C:0015H         LINE#         21
  C:0017H         LINE#         22
  C:0019H         LINE#         23
  C:001BH         LINE#         24
  C:001CH         LINE#         25
  C:001EH         LINE#         26
  C:0020H         LINE#         27
  C:0021H         LINE#         28
  C:0022H         LINE#         29
  C:0023H         LINE#         30
  C:0024H         LINE#         31
  C:0026H         LINE#         32
  C:0027H         LINE#         33
  C:0029H         LINE#         42
  C:002BH         LINE#         43
  C:002CH         LINE#         45
  C:002EH         LINE#         46
  C:0030H         LINE#         47
  C:0032H         LINE#         49
  C:0034H         LINE#         50
  C:0036H         LINE#         51
  C:0038H         LINE#         53
  C:003AH         LINE#         54
  C:003BH         LINE#         63
  C:003DH         LINE#         64
  C:003EH         LINE#         66
  C:0040H         LINE#         67
  C:0042H         LINE#         68
  C:0044H         LINE#         70
  C:0046H         LINE#         71
  C:0048H         LINE#         72
  C:004AH         LINE#         74
  C:004CH         LINE#         75
  C:004DH         LINE#         84
  C:004FH         LINE#         85
  C:0051H         LINE#         87
  C:0053H         LINE#         88
  C:0055H         LINE#         89
  C:0057H         LINE#         90
  C:0058H         LINE#         91
  C:005AH         LINE#         92
  C:005CH         LINE#         93
  C:005EH         LINE#         95
  C:0060H         LINE#         96
  C:0062H         LINE#         97
  C:0064H         LINE#         98
  C:0065H         LINE#         99
  C:0067H         LINE#         100
  C:0069H         LINE#         101
  C:006BH         LINE#         103
  C:006CH         LINE#         104
  C:006EH         LINE#         105
BL51 BANKED LINKER/LOCATER V6.00                                                      02/11/2013  14:09:24  PAGE 3


  C:0070H         LINE#         106
  C:0072H         LINE#         108
  C:0074H         LINE#         109
  C:0076H         LINE#         110
  C:0078H         LINE#         112
  C:007AH         LINE#         113
  C:007CH         LINE#         114
  C:007DH         LINE#         124
  C:007FH         LINE#         125
  C:0081H         LINE#         126
  C:0082H         LINE#         128
  C:0085H         LINE#         129
  C:0088H         LINE#         130
  C:008BH         LINE#         131
  C:008EH         LINE#         132
  C:0091H         LINE#         134
  C:0093H         LINE#         135
  C:0095H         LINE#         136
  C:0097H         LINE#         137
  C:0098H         LINE#         139
  C:009AH         LINE#         141
  C:009CH         LINE#         142
  C:009EH         LINE#         144
  C:00A1H         LINE#         147
  C:00A3H         LINE#         148
  C:00A4H         LINE#         149
  C:00A6H         LINE#         151
  C:00A8H         LINE#         152
  C:00A9H         LINE#         153
  C:00ABH         LINE#         155
  C:00ACH         LINE#         156
  C:00AEH         LINE#         157
  C:00B0H         LINE#         159
  C:00B2H         LINE#         161
  C:00B4H         LINE#         163
  C:00B5H         LINE#         164
  C:00B7H         LINE#         165
  C:00B8H         LINE#         166
  C:00BAH         LINE#         168
  C:00BCH         LINE#         171
  C:00BDH         LINE#         172
  C:00BFH         LINE#         173
  C:00C0H         LINE#         174
  C:00C2H         LINE#         176
  C:00C4H         LINE#         177
  C:00C6H         LINE#         178
  C:00C9H         LINE#         180
  C:00CBH         LINE#         181
  C:00CDH         LINE#         182
  C:00CEH         LINE#         191
  C:00D0H         LINE#         192
  C:00D2H         LINE#         194
  C:00D5H         LINE#         195
  C:00D8H         LINE#         196
  C:00DBH         LINE#         198
  C:00DEH         LINE#         199
  C:00E0H         LINE#         200
BL51 BANKED LINKER/LOCATER V6.00                                                      02/11/2013  14:09:24  PAGE 4


  C:00E2H         LINE#         201
  C:00E4H         LINE#         202
  C:00E6H         LINE#         203
  C:00E8H         LINE#         205
  C:00EAH         LINE#         206
  C:00ECH         LINE#         207
  C:00EEH         LINE#         208
  C:00F0H         LINE#         210
  C:00F2H         LINE#         211
  C:00F4H         LINE#         213
  C:00F7H         LINE#         214
  C:00F9H         LINE#         215
  C:00FBH         LINE#         216
  C:00FDH         LINE#         217
  C:00FFH         LINE#         218
  C:0101H         LINE#         220
  C:0103H         LINE#         221
  C:0105H         LINE#         222
  C:0107H         LINE#         223
  C:0109H         LINE#         225
  C:010CH         LINE#         227
  C:010EH         LINE#         228
  C:0110H         LINE#         229
  C:0112H         LINE#         230
  C:0114H         LINE#         231
  C:0116H         LINE#         232
  C:0119H         LINE#         233
  C:011BH         LINE#         234
  C:011DH         LINE#         235
  C:011FH         LINE#         237
  C:0122H         LINE#         238
  C:0124H         LINE#         239
  C:0126H         LINE#         240
  C:0128H         LINE#         241
  C:012AH         LINE#         242
  C:012CH         LINE#         244
  C:012EH         LINE#         245
  C:0130H         LINE#         246
  C:0132H         LINE#         247
  C:0134H         LINE#         249
  C:0136H         LINE#         250
  C:0138H         LINE#         252
  C:013BH         LINE#         253
  C:013DH         LINE#         254
  C:013FH         LINE#         255
  C:0141H         LINE#         256
  C:0143H         LINE#         257
  C:0145H         LINE#         259
  C:0147H         LINE#         260
  C:0149H         LINE#         261
  C:014BH         LINE#         262
  C:014DH         LINE#         264
  C:0150H         LINE#         266
  C:0152H         LINE#         267
  C:0154H         LINE#         268
  C:0156H         LINE#         269
  C:0158H         LINE#         270
BL51 BANKED LINKER/LOCATER V6.00                                                      02/11/2013  14:09:24  PAGE 5


  C:015AH         LINE#         271
  C:015DH         LINE#         272
  C:015FH         LINE#         273
  C:0161H         LINE#         274
  C:0163H         LINE#         276
  C:0166H         LINE#         277
  C:0168H         LINE#         278
  C:016AH         LINE#         279
  C:016CH         LINE#         280
  C:016EH         LINE#         281
  C:0170H         LINE#         283
  C:0172H         LINE#         284
  C:0174H         LINE#         285
  C:0176H         LINE#         286
  C:0178H         LINE#         288
  C:017AH         LINE#         289
  C:017CH         LINE#         291
  C:017FH         LINE#         292
  C:0181H         LINE#         293
  C:0183H         LINE#         294
  C:0185H         LINE#         295
  C:0187H         LINE#         296
  C:0189H         LINE#         298
  C:018BH         LINE#         299
  C:018DH         LINE#         300
  C:018FH         LINE#         301
  C:0191H         LINE#         303
  C:0194H         LINE#         305
  C:0196H         LINE#         306
  C:0198H         LINE#         307
  C:019AH         LINE#         308
  C:019CH         LINE#         309
  C:019EH         LINE#         310
  C:01A1H         LINE#         311
  C:01A3H         LINE#         312
  C:01A5H         LINE#         313
  C:01A7H         LINE#         315
  C:01A9H         LINE#         316
  C:01ABH         LINE#         317
  C:01ACH         LINE#         322
  C:01AFH         LINE#         323
  C:01B2H         LINE#         324
  C:01B5H         LINE#         325
  C:01B8H         LINE#         329
  C:01BBH         LINE#         330
  C:01BEH         LINE#         331
  C:01C1H         LINE#         332
  C:01C3H         LINE#         334
  C:01C5H         LINE#         335
  C:01C7H         LINE#         336
  C:01C9H         LINE#         337
  C:01CBH         LINE#         338
  C:01CEH         LINE#         339
  C:01D0H         LINE#         341
  C:01D2H         LINE#         342
  C:01D4H         LINE#         343
  C:01D6H         LINE#         344
BL51 BANKED LINKER/LOCATER V6.00                                                      02/11/2013  14:09:24  PAGE 6


  C:01D8H         LINE#         345
  C:01DBH         LINE#         346
  C:01DDH         LINE#         348
  C:01DFH         LINE#         349
  C:01E1H         LINE#         350
  C:01E3H         LINE#         351
  C:01E5H         LINE#         352
  C:01E8H         LINE#         353
  C:01EAH         LINE#         355
  C:01ECH         LINE#         356
  C:01EEH         LINE#         357
  C:01F0H         LINE#         358
  C:01F2H         LINE#         359
  C:01F5H         LINE#         360
  C:01F7H         LINE#         362
  C:01F9H         LINE#         363
  C:01FBH         LINE#         364
  C:01FDH         LINE#         365
  C:01FFH         LINE#         366
  C:0202H         LINE#         367
  C:0204H         LINE#         369
  C:0206H         LINE#         370
  C:0208H         LINE#         371
  C:020AH         LINE#         372
  C:020CH         LINE#         373
  C:020FH         LINE#         374
  C:0211H         LINE#         376
  C:0213H         LINE#         377
  C:0215H         LINE#         378
  C:0217H         LINE#         379
  C:0219H         LINE#         380
  C:021CH         LINE#         381
  C:021EH         LINE#         383
  C:0220H         LINE#         384
  C:0222H         LINE#         385
  C:0224H         LINE#         386
  C:0226H         LINE#         387
  C:0228H         LINE#         389
  -------         ENDMOD        TESTING

Program Size: data=8.0 xdata=0 code=570
LINK/LOCATE RUN COMPLETE.  0 WARNING(S),  0 ERROR(S)
